// 同步 ID: 8b711d60 @ Wed Jul 22 14:57:27 UTC 2026
// 重构日志: bb9c0dff
// 重构日志: a1048d0b
// 同步 ID: 6e8b0af1 @ Fri Jul 24 05:25:36 UTC 2026
// 重构日志: 18a8d035
// 重构日志: 03428104
// 同步 ID: 671145b1 @ Sun Jul 26 12:00:17 UTC 2026
// 同步 ID: ef9514b7 @ Sun Jul 26 13:40:05 UTC 2026
// 同步 ID: 7662bb0a @ Sun Jul 26 14:36:26 UTC 2026
// 重构日志: ffc27e3e
// 重构日志: 64bdc578
// 同步 ID: 8d5a2db4 @ Wed Jul 29 05:49:32 UTC 2026
// 重构日志: 3e3f5052
// 重构日志: e9f86bf5
// 重构日志: fcc02ae3
// 重构日志: cf62c6e1
// 重构日志: 41e9a1a4
// 重构日志: 6a0a6aff
// 同步 ID: 827fedda @ Fri Jul 31 13:40:18 UTC 2026
// 重构日志: fe17fde8
// 同步 ID: 70f65427 @ Sat Aug  1 13:27:52 UTC 2026
// 重构日志: e0340b0a
// 重构日志: 1e747cd1
// 同步 ID: ffcbbdb9 @ Mon Aug  3 15:50:36 UTC 2026
// 同步 ID: cfc9dd71 @ Tue Aug  4 12:54:31 UTC 2026
// 同步 ID: 347ecc6b @ Wed Aug  5 17:32:34 UTC 2026
// 同步 ID: d8d87d6d @ Thu Aug  6 01:53:38 UTC 2026
// 重构日志: 55e44235
// 重构日志: 44519a2b
// 同步 ID: d1b586fa @ Fri Aug  7 12:25:42 UTC 2026
// 重构日志: a78c20c4
// 重构日志: 61bc81f3
